// Vitest Snapshot v1, https://vitest.dev/guide/snapshot.html

exports[`Render tests > Matches snapshot 1`] = `
<div>
  <div
    class="flex-1 mt-10 mb-10 ml-8 mr-8 lg:mt-16 lg:mb-16 lg:ml-32 lg:mr-32"
    data-testid="product-detail-page"
  >
    <a
      class="text-blue-900 font-bold"
      href="/jewelery"
    >
      <i
        class="fa-solid fa-arrow-left"
      />
       Back to 
      jewelery
    </a>
    <p>
      Loading...
    </p>
  </div>
</div>
`;
